<html>
<body>
<pre>
<h1>µVision Build Log</h1>
<h2>Project:</h2>
E:\code\bluetooth-bm77\USER\TC35661.uvprojx
Project File Date:  07/10/2016

<h2>Output:</h2>
Build target 'TC35661'
compiling core_cm3.c...
assembling startup_stm32f10x_md.s...
compiling misc.c...
compiling stm32f10x_gpio.c...
compiling stm32f10x_rcc.c...
compiling stm32f10x_tim.c...
compiling stm32f10x_usart.c...
compiling stm32f10x_exti.c...
compiling io.c...
compiling delay.c...
compiling sys.c...
compiling stm32_usart.c...
compiling main.c...
compiling stm32f10x_it.c...
compiling system_stm32f10x.c...
compiling PlusC2C.cpp...
compiling common.cpp...
compiling bt.cpp...
compiling pan1026.cpp...
..\BLT\bluetooth\pan1026.cpp(593): warning:  #550-D: variable "handle" was set but never used
        uint16_t handle;
..\BLT\bluetooth\pan1026.cpp(704): warning:  #550-D: variable "handle" was set but never used
        uint16_t handle;
..\BLT\bluetooth\pan1026.cpp: 2 warnings, 0 errors
compiling usart.cpp...
linking...
Program Size: Code=14490 RO-data=530 RW-data=88 ZI-data=2504  
FromELF: creating hex file...
"..\Object\TC35661.axf" - 0 Error(s), 2 Warning(s).
</pre>
</body>
</html>
